// Jest Snapshot v1, https://goo.gl/fbAQLP

exports[`auth setup should render correctly 1`] = `
<RCTSafeAreaView
  emulateUnlessSupported={true}
  style={
    Object {
      "alignItems": "center",
      "flex": 1,
      "flexDirection": "column",
    }
  }
>
  <View
    style={
      Object {
        "flexDirection": "column",
        "justifyContent": "space-between",
      }
    }
  >
    <View
      style={
        Object {
          "height": 40,
          "marginTop": 10,
          "width": 300,
        }
      }
    >
      <View
        accessibilityRole="button"
        accessibilityState={Object {}}
        accessible={true}
        focusable={true}
        onClick={[Function]}
        onResponderGrant={[Function]}
        onResponderMove={[Function]}
        onResponderRelease={[Function]}
        onResponderTerminate={[Function]}
        onResponderTerminationRequest={[Function]}
        onStartShouldSetResponder={[Function]}
        style={
          Object {
            "opacity": 1,
          }
        }
        testID="loginButton"
      >
        <View
          style={
            Array [
              Object {},
            ]
          }
        >
          <Text
            style={
              Array [
                Object {
                  "color": "#007AFF",
                  "fontSize": 18,
                  "margin": 8,
                  "textAlign": "center",
                },
              ]
            }
          >
            Login
          </Text>
        </View>
      </View>
    </View>
  </View>
  <ScrollView
    contentInsetAdjustmentBehavior="automatic"
  >
    <Text />
  </ScrollView>
</RCTSafeAreaView>
`;
